// Jest Snapshot v1, https://goo.gl/fbAQLP

exports[`Pruebas en CounterApp Debe hacer un match con el snapshop 1`] = `
<div>
  <h1>
    Counter App
  </h1>
  <h2>
     
    10
     
  </h2>
  <button>
    +1
  </button>
  <button>
    -1
  </button>
  <button>
    Reset
  </button>
</div>
`;

exports[`Pruebas en CounterApp Debe hacer un segundo match con el snapshop 1`] = `
<div>
  <h1>
    Counter App
  </h1>
  <h2>
     
    0
     
  </h2>
  <button>
    +1
  </button>
  <button>
    -1
  </button>
  <button>
    Reset
  </button>
</div>
`;
